<html>
<body>
<pre>
<h1>µVision Build Log</h1>
<h2>Project:</h2>
C:\Users\donc\Documents\MyTIProjects\helloADC2\helloADC2.uvproj
Project File Date:  06/02/2020

<h2>Output:</h2>
Rebuild target 'helloADC2'
assembling startup_rvmdk.S...
compiling uartstdio.c...
compiling helloADC2.c...
linking...
Program Size: Code=3816 RO-data=676 RW-data=8 ZI-data=512  
After Build - User command #1: fromelf --bin --output .\rvmdk\hello.bin .\rvmdk\hello.axf
".\rvmdk\hello.axf" - 0 Error(s), 0 Warning(s).
Load "C:\\Users\\donc\\Documents\\MyTIProjects\\helloADC2\\rvmdk\\hello.axf" 
Connecting: Mode=JTAG, Speed=1000000Hz
Erase Done.
Programming Done.
Verify OK.
.
.
